❱ find . -name "*.json" -type f -exec sh -c 'jq . "$1" > "$1.tmp" && mv "$1.tmp" "$1" || echo "$1"' -- {} \;
jq: parse error: Invalid numeric literal at line 189, column 7
./arcticicestudio.nord-visual-studio-code-0.19.0-universal/themes/nord-color-theme.json
jq: parse error: Invalid numeric literal at line 5, column 5
./max-ss.cyberpunk-1.2.14-universal/themes/cyberpunk-scarlet-color-theme.json
jq: parse error: Invalid numeric literal at line 8, column 5
./max-ss.cyberpunk-1.2.14-universal/themes/cyberpunk-color-theme.json
jq: parse error: Expected another key-value pair at line 426, column 5
./robbowen.synthwave-vscode-0.1.20-universal/themes/synthwave-color-theme.json
jq: parse error: Invalid numeric literal at line 4, column 34
./pawelborkar.jellyfish-0.0.4-universal/themes/JellyFish Theme-color-theme.json
jq: parse error: Invalid numeric literal at line 6, column 7
./sdras.night-owl-2.1.1-universal/themes/Night Owl-Light-color-theme.json
jq: parse error: Invalid numeric literal at line 87, column 11
./enkia.tokyo-night-1.1.2-universal/themes/tokyo-night-storm-color-theme.json
jq: parse error: Invalid numeric literal at line 136, column 60
./enkia.tokyo-night-1.1.2-universal/themes/tokyo-night-light-color-theme.json
jq: parse error: Invalid numeric literal at line 87, column 11
./enkia.tokyo-night-1.1.2-universal/themes/tokyo-night-color-theme.json
jq: parse error: Expected another key-value pair at line 164, column 7
./johnpapa.winteriscoming-1.4.4-universal/themes/WinterIsComing-dark-blue-color-no-italics-theme.json
jq: parse error: Invalid numeric literal at line 1, column 11
./fabiospampinato.vscode-monokai-night-1.7.1/themes/default2.json
jq: parse error: Invalid numeric literal at line 31, column 7
./fabiospampinato.vscode-monokai-night-1.7.1/themes/default.json
jq: parse error: Invalid numeric literal at line 303, column 11
./tobiasalthoff.atom-material-theme-1.10.9/themes/Atom Material Theme-color-theme.json
jq: parse error: Invalid numeric literal at line 54, column 5
./felipe-mendes.slack-theme-1.9.17/themes/dark-mode.json
